nRF24L01.c:11:20:delay_us	16	static
nRF24L01.c:20:20:nrf24_set_CE_high	8	static
nRF24L01.c:28:20:nrf24_set_CE_low	8	static
nRF24L01.c:36:20:nrf24_set_CSN_high	8	static
nRF24L01.c:44:20:nrf24_set_CSN_low	8	static
nRF24L01.c:50:19:nrf24_write_reg	32	static
nRF24L01.c:62:19:nrf24_write_reg_mb	48	dynamic
nRF24L01.c:78:9:nrf24_read_reg	32	static
nRF24L01.c:91:19:nrf24_read_reg_mb	32	static
nRF24L01.c:105:19:nrf24_init	24	static
nRF24L01.c:137:6:nrf24_reset	32	static
nRF24L01.c:177:6:nrf24_read_state	16	static
nRF24L01.c:208:6:nrf24_set_tx_mode	24	static
nRF24L01.c:224:6:nrf24_set_rx_mode	24	static
nRF24L01.c:263:6:nrf24_transmit	24	static
nRF24L01.c:290:9:nrf24_receive	24	static
nRF24L01.c:322:6:nrf24_send_command	32	static
nRF24L01.c:330:6:nrf24_open_rx_pipe	24	static
nRF24L01.c:340:6:nrf24_set_pa_level	24	static
